<?xml version="1.0" encoding="UTF-8"?>
<TestRun id="ea8c9448-e6b2-4318-8ffd-55e2a440ec40" name="willem@WILLEM-PC 2012-08-21 22:30:32" runUser="willem-PC\willem" xmlns="http://microsoft.com/schemas/VisualStudio/TeamTest/2010">
  <TestSettings name="Default Test Settings" id="62179a4c-65be-4111-a126-3e250a48a2a7">
    <Deployment runDeploymentRoot="willem_WILLEM-PC 2012-08-21 22_30_32">
      <DeploymentItem filename="D:\code\MonackFr\MonackFr\packages\Microsoft.AspNet.Providers.Core.1.0\lib\net40\System.Web.Providers.dll" />
      <DeploymentItem filename="D:\code\MonackFr\MonackFr\packages\Microsoft.AspNet.WebPages.2.0.20505.0\lib\net40\System.Web.WebPages.Deployment.dll" />
      <DeploymentItem filename="C:\Program Files (x86)\Microsoft ASP.NET\ASP.NET Web Pages\v2.0\Assemblies\System.Web.WebPages.Deployment.dll" />
      <DeploymentItem filename="D:\code\MonackFr\MonackFr\packages\Microsoft.Web.Infrastructure.1.0.0.0\lib\net40\Microsoft.Web.Infrastructure.dll" />
      <DeploymentItem filename="D:\code\MonackFr\MonackFr\packages\Microsoft.AspNet.WebApi.Core.4.0.20505.0\lib\net40\System.Web.Http.dll" />
      <DeploymentItem filename="D:\code\MonackFr\MonackFr\MonackFr.Mvc\MonackFr.Mvc\Areas\TaskList.Tests\bin\Debug\WebGrease.dll" />
      <DeploymentItem filename="C:\Program Files (x86)\Microsoft ASP.NET\ASP.NET MVC 4\Assemblies\System.Net.Http.dll" />
      <DeploymentItem filename="D:\code\MonackFr\MonackFr\MonackFr.Library\bin\Debug\MonackFr.dll" />
      <DeploymentItem filename="C:\Program Files (x86)\Microsoft ASP.NET\ASP.NET MVC 4\Assemblies\System.Web.Http.dll" />
      <DeploymentItem filename="D:\code\MonackFr\MonackFr\MonackFr.Mvc\MonackFr.Mvc\Areas\TaskList.Tests\bin\Debug\EntityFramework.dll" />
      <DeploymentItem filename="D:\code\MonackFr\MonackFr\MonackFr.Mvc\MonackFr.Mvc\Areas\UserManagement.Tests\bin\Debug\WebGrease.dll" />
      <DeploymentItem filename="D:\code\MonackFr\MonackFr\packages\Microsoft.AspNet.Mvc.4.0.20505.0\lib\net40\System.Web.Mvc.dll" />
      <DeploymentItem filename="D:\code\MonackFr\MonackFr\packages\Microsoft.AspNet.Razor.2.0.20505.0\lib\net40\System.Web.Razor.dll" />
      <DeploymentItem filename="C:\Program Files (x86)\Microsoft ASP.NET\ASP.NET Web Pages\v2.0\Assemblies\System.Web.Razor.dll" />
      <DeploymentItem filename="D:\code\MonackFr\MonackFr\MonackFr.Mvc\MonackFr.Mvc\Areas\UserManagement.Tests\bin\Debug\Antlr3.Runtime.dll" />
      <DeploymentItem filename="D:\code\MonackFr\MonackFr\packages\Microsoft.Net.Http.2.0.20505.0\lib\net40\System.Net.Http.WebRequest.dll" />
      <DeploymentItem filename="D:\code\MonackFr\MonackFr\MonackFr.Mvc\MonackFr.Mvc\Areas\TaskList.Tests\bin\Debug\System.Web.Optimization.dll" />
      <DeploymentItem filename="D:\code\MonackFr\MonackFr\packages\Microsoft.AspNet.WebPages.2.0.20505.0\lib\net40\System.Web.WebPages.Razor.dll" />
      <DeploymentItem filename="D:\code\MonackFr\MonackFr\MonackFr.Mvc\MonackFr.Mvc\bin\System.Web.Providers.dll" />
      <DeploymentItem filename="C:\Program Files (x86)\Microsoft ASP.NET\ASP.NET Web Pages\v2.0\Assemblies\System.Web.WebPages.dll" />
      <DeploymentItem filename="C:\Program Files (x86)\Microsoft ASP.NET\ASP.NET MVC 4\Assemblies\System.Web.Http.WebHost.dll" />
      <DeploymentItem filename="C:\Program Files (x86)\Microsoft ASP.NET\ASP.NET Web Pages\v2.0\Assemblies\System.Web.Helpers.dll" />
      <DeploymentItem filename="C:\Program Files (x86)\Microsoft ASP.NET\ASP.NET MVC 4\Assemblies\System.Net.Http.Formatting.dll" />
      <DeploymentItem filename="D:\code\MonackFr\MonackFr\packages\Microsoft.AspNet.WebApi.WebHost.4.0.20505.0\lib\net40\System.Web.Http.WebHost.dll" />
      <DeploymentItem filename="C:\Program Files (x86)\Microsoft ASP.NET\ASP.NET Web Pages\v2.0\Assemblies\System.Web.WebPages.Razor.dll" />
      <DeploymentItem filename="C:\Program Files (x86)\Microsoft ASP.NET\ASP.NET Web Pages\v2.0\Assemblies\Microsoft.Web.Infrastructure.dll" />
      <DeploymentItem filename="C:\Program Files (x86)\Microsoft ASP.NET\ASP.NET MVC 4\Assemblies\System.Web.Mvc.dll" />
      <DeploymentItem filename="D:\code\MonackFr\MonackFr\packages\Microsoft.AspNet.WebPages.2.0.20505.0\lib\net40\System.Web.WebPages.dll" />
      <DeploymentItem filename="D:\code\MonackFr\MonackFr\MonackFr.Mvc\MonackFr.Mvc\bin\MonackFr.Mvc.dll" />
      <DeploymentItem filename="D:\code\MonackFr\MonackFr\MonackFr.Mvc\MonackFr.Mvc\Areas\UserManagement.Tests\bin\Debug\Newtonsoft.Json.dll" />
      <DeploymentItem filename="D:\code\MonackFr\MonackFr\MonackFr.Mvc\MonackFr.Mvc\bin\TaskList.dll" />
      <DeploymentItem filename="D:\code\MonackFr\MonackFr\packages\Microsoft.AspNet.WebPages.2.0.20505.0\lib\net40\System.Web.Helpers.dll" />
      <DeploymentItem filename="D:\code\MonackFr\MonackFr\MonackFr.Mvc\MonackFr.Mvc\Areas\UserManagement.Tests\bin\Debug\EntityFramework.dll" />
      <DeploymentItem filename="D:\code\MonackFr\MonackFr\MonackFr.Mvc\MonackFr.Mvc\Areas\TaskList.Tests\bin\Debug\Antlr3.Runtime.dll" />
      <DeploymentItem filename="D:\code\MonackFr\MonackFr\packages\Microsoft.AspNet.WebApi.Client.4.0.20505.0\lib\net40\System.Net.Http.Formatting.dll" />
      <DeploymentItem filename="D:\code\MonackFr\MonackFr\MonackFr.Mvc\MonackFr.Mvc\Areas\UserManagement.Tests\bin\Debug\System.Web.Optimization.dll" />
      <DeploymentItem filename="C:\Program Files (x86)\Microsoft ASP.NET\ASP.NET MVC 4\Assemblies\System.Net.Http.WebRequest.dll" />
      <DeploymentItem filename="D:\code\MonackFr\MonackFr\packages\Microsoft.Net.Http.2.0.20505.0\lib\net40\System.Net.Http.dll" />
      <DeploymentItem filename="D:\code\MonackFr\MonackFr\MonackFr.Mvc\MonackFr.Mvc\bin\UserManagement.dll" />
      <DeploymentItem filename="D:\code\MonackFr\MonackFr\packages\Newtonsoft.Json.4.5.1\lib\net40\Newtonsoft.Json.dll" />
    </Deployment>
    <Execution>
      <TestTypeSpecific />
      <AgentRule name="Execution Agents">
      </AgentRule>
    </Execution>
  </TestSettings>
  <Times creation="2012-08-21T22:30:32.0217228+02:00" queuing="2012-08-21T22:30:33.1467243+02:00" start="2012-08-21T22:30:33.1917244+02:00" finish="2012-08-21T22:30:34.0317256+02:00" />
  <ResultSummary outcome="Warning">
    <Counters total="9" executed="9" passed="9" error="0" failed="0" timeout="0" aborted="0" inconclusive="0" passedButRunAborted="0" notRunnable="0" notExecuted="0" disconnected="0" warning="0" completed="0" inProgress="0" pending="0" />
    <RunInfos>
      <RunInfo computerName="WILLEM-PC" outcome="Warning" timestamp="2012-08-21T22:30:33.0017241+02:00">
        <Text>Warning: conflict during test run deployment: deployment item 'C:\Program Files (x86)\Microsoft ASP.NET\ASP.NET Web Pages\v2.0\Assemblies\System.Web.WebPages.Deployment.dll' directly or indirectly referenced by D:\code\MonackFr\MonackFr\MonackFr.Mvc\MonackFr.Mvc\Areas\UserManagement.Tests\bin\Debug\UserManagement.Tests.dll cannot be deployed to 'System.Web.WebPages.Deployment.dll' because otherwise the file 'C:\Program Files (x86)\Microsoft ASP.NET\ASP.NET Web Pages\v2.0\Assemblies\System.Web.WebPages.Deployment.dll' would overwrite deployment item 'D:\code\MonackFr\MonackFr\packages\Microsoft.AspNet.WebPages.2.0.20505.0\lib\net40\System.Web.WebPages.Deployment.dll' directly or indirectly referenced by D:\code\MonackFr\MonackFr\MonackFr.Mvc\MonackFr.Mvc\Areas\TaskList.Tests\bin\Debug\TaskList.Tests.dll.</Text>
      </RunInfo>
      <RunInfo computerName="WILLEM-PC" outcome="Warning" timestamp="2012-08-21T22:30:33.0317242+02:00">
        <Text>Warning: conflict during test run deployment: deployment item 'C:\Program Files (x86)\Microsoft ASP.NET\ASP.NET MVC 4\Assemblies\System.Web.Http.dll' directly or indirectly referenced by D:\code\MonackFr\MonackFr\MonackFr.Mvc\MonackFr.Mvc\Areas\UserManagement.Tests\bin\Debug\UserManagement.Tests.dll cannot be deployed to 'System.Web.Http.dll' because otherwise the file 'C:\Program Files (x86)\Microsoft ASP.NET\ASP.NET MVC 4\Assemblies\System.Web.Http.dll' would overwrite deployment item 'D:\code\MonackFr\MonackFr\packages\Microsoft.AspNet.WebApi.Core.4.0.20505.0\lib\net40\System.Web.Http.dll' directly or indirectly referenced by D:\code\MonackFr\MonackFr\MonackFr.Mvc\MonackFr.Mvc\Areas\TaskList.Tests\bin\Debug\TaskList.Tests.dll.</Text>
      </RunInfo>
      <RunInfo computerName="WILLEM-PC" outcome="Warning" timestamp="2012-08-21T22:30:33.0667242+02:00">
        <Text>Warning: conflict during test run deployment: deployment item 'C:\Program Files (x86)\Microsoft ASP.NET\ASP.NET Web Pages\v2.0\Assemblies\System.Web.Razor.dll' directly or indirectly referenced by D:\code\MonackFr\MonackFr\MonackFr.Mvc\MonackFr.Mvc\Areas\UserManagement.Tests\bin\Debug\UserManagement.Tests.dll cannot be deployed to 'System.Web.Razor.dll' because otherwise the file 'C:\Program Files (x86)\Microsoft ASP.NET\ASP.NET Web Pages\v2.0\Assemblies\System.Web.Razor.dll' would overwrite deployment item 'D:\code\MonackFr\MonackFr\packages\Microsoft.AspNet.Razor.2.0.20505.0\lib\net40\System.Web.Razor.dll' directly or indirectly referenced by D:\code\MonackFr\MonackFr\MonackFr.Mvc\MonackFr.Mvc\Areas\TaskList.Tests\bin\Debug\TaskList.Tests.dll.</Text>
      </RunInfo>
      <RunInfo computerName="WILLEM-PC" outcome="Warning" timestamp="2012-08-21T22:30:33.1067243+02:00">
        <Text>Warning: conflict during test run deployment: deployment item 'D:\code\MonackFr\MonackFr\packages\Microsoft.AspNet.WebApi.WebHost.4.0.20505.0\lib\net40\System.Web.Http.WebHost.dll' directly or indirectly referenced by D:\code\MonackFr\MonackFr\MonackFr.Mvc\MonackFr.Mvc\Areas\TaskList.Tests\bin\Debug\TaskList.Tests.dll cannot be deployed to 'System.Web.Http.WebHost.dll' because otherwise the file 'D:\code\MonackFr\MonackFr\packages\Microsoft.AspNet.WebApi.WebHost.4.0.20505.0\lib\net40\System.Web.Http.WebHost.dll' would overwrite deployment item 'C:\Program Files (x86)\Microsoft ASP.NET\ASP.NET MVC 4\Assemblies\System.Web.Http.WebHost.dll' directly or indirectly referenced by D:\code\MonackFr\MonackFr\MonackFr.Mvc\MonackFr.Mvc\Areas\UserManagement.Tests\bin\Debug\UserManagement.Tests.dll.</Text>
      </RunInfo>
      <RunInfo computerName="WILLEM-PC" outcome="Warning" timestamp="2012-08-21T22:30:33.1067243+02:00">
        <Text>Warning: conflict during test run deployment: deployment item 'C:\Program Files (x86)\Microsoft ASP.NET\ASP.NET Web Pages\v2.0\Assemblies\System.Web.WebPages.Razor.dll' directly or indirectly referenced by D:\code\MonackFr\MonackFr\MonackFr.Mvc\MonackFr.Mvc\Areas\UserManagement.Tests\bin\Debug\UserManagement.Tests.dll cannot be deployed to 'System.Web.WebPages.Razor.dll' because otherwise the file 'C:\Program Files (x86)\Microsoft ASP.NET\ASP.NET Web Pages\v2.0\Assemblies\System.Web.WebPages.Razor.dll' would overwrite deployment item 'D:\code\MonackFr\MonackFr\packages\Microsoft.AspNet.WebPages.2.0.20505.0\lib\net40\System.Web.WebPages.Razor.dll' directly or indirectly referenced by D:\code\MonackFr\MonackFr\MonackFr.Mvc\MonackFr.Mvc\Areas\TaskList.Tests\bin\Debug\TaskList.Tests.dll.</Text>
      </RunInfo>
      <RunInfo computerName="WILLEM-PC" outcome="Warning" timestamp="2012-08-21T22:30:33.1067243+02:00">
        <Text>Warning: conflict during test run deployment: deployment item 'C:\Program Files (x86)\Microsoft ASP.NET\ASP.NET Web Pages\v2.0\Assemblies\Microsoft.Web.Infrastructure.dll' directly or indirectly referenced by D:\code\MonackFr\MonackFr\MonackFr.Mvc\MonackFr.Mvc\Areas\UserManagement.Tests\bin\Debug\UserManagement.Tests.dll cannot be deployed to 'Microsoft.Web.Infrastructure.dll' because otherwise the file 'C:\Program Files (x86)\Microsoft ASP.NET\ASP.NET Web Pages\v2.0\Assemblies\Microsoft.Web.Infrastructure.dll' would overwrite deployment item 'D:\code\MonackFr\MonackFr\packages\Microsoft.Web.Infrastructure.1.0.0.0\lib\net40\Microsoft.Web.Infrastructure.dll' directly or indirectly referenced by D:\code\MonackFr\MonackFr\MonackFr.Mvc\MonackFr.Mvc\Areas\TaskList.Tests\bin\Debug\TaskList.Tests.dll.</Text>
      </RunInfo>
      <RunInfo computerName="WILLEM-PC" outcome="Warning" timestamp="2012-08-21T22:30:33.1067243+02:00">
        <Text>Warning: conflict during test run deployment: deployment item 'C:\Program Files (x86)\Microsoft ASP.NET\ASP.NET MVC 4\Assemblies\System.Web.Mvc.dll' directly or indirectly referenced by D:\code\MonackFr\MonackFr\MonackFr.Mvc\MonackFr.Mvc\Areas\UserManagement.Tests\bin\Debug\UserManagement.Tests.dll cannot be deployed to 'System.Web.Mvc.dll' because otherwise the file 'C:\Program Files (x86)\Microsoft ASP.NET\ASP.NET MVC 4\Assemblies\System.Web.Mvc.dll' would overwrite deployment item 'D:\code\MonackFr\MonackFr\packages\Microsoft.AspNet.Mvc.4.0.20505.0\lib\net40\System.Web.Mvc.dll' directly or indirectly referenced by D:\code\MonackFr\MonackFr\MonackFr.Mvc\MonackFr.Mvc\Areas\TaskList.Tests\bin\Debug\TaskList.Tests.dll.</Text>
      </RunInfo>
      <RunInfo computerName="WILLEM-PC" outcome="Warning" timestamp="2012-08-21T22:30:33.1067243+02:00">
        <Text>Warning: conflict during test run deployment: deployment item 'D:\code\MonackFr\MonackFr\packages\Microsoft.AspNet.WebPages.2.0.20505.0\lib\net40\System.Web.WebPages.dll' directly or indirectly referenced by D:\code\MonackFr\MonackFr\MonackFr.Mvc\MonackFr.Mvc\Areas\TaskList.Tests\bin\Debug\TaskList.Tests.dll cannot be deployed to 'System.Web.WebPages.dll' because otherwise the file 'D:\code\MonackFr\MonackFr\packages\Microsoft.AspNet.WebPages.2.0.20505.0\lib\net40\System.Web.WebPages.dll' would overwrite deployment item 'C:\Program Files (x86)\Microsoft ASP.NET\ASP.NET Web Pages\v2.0\Assemblies\System.Web.WebPages.dll' directly or indirectly referenced by D:\code\MonackFr\MonackFr\MonackFr.Mvc\MonackFr.Mvc\Areas\UserManagement.Tests\bin\Debug\UserManagement.Tests.dll.</Text>
      </RunInfo>
      <RunInfo computerName="WILLEM-PC" outcome="Warning" timestamp="2012-08-21T22:30:33.1167243+02:00">
        <Text>Warning: conflict during test run deployment: deployment item 'D:\code\MonackFr\MonackFr\packages\Microsoft.AspNet.WebPages.2.0.20505.0\lib\net40\System.Web.Helpers.dll' directly or indirectly referenced by D:\code\MonackFr\MonackFr\MonackFr.Mvc\MonackFr.Mvc\Areas\TaskList.Tests\bin\Debug\TaskList.Tests.dll cannot be deployed to 'System.Web.Helpers.dll' because otherwise the file 'D:\code\MonackFr\MonackFr\packages\Microsoft.AspNet.WebPages.2.0.20505.0\lib\net40\System.Web.Helpers.dll' would overwrite deployment item 'C:\Program Files (x86)\Microsoft ASP.NET\ASP.NET Web Pages\v2.0\Assemblies\System.Web.Helpers.dll' directly or indirectly referenced by D:\code\MonackFr\MonackFr\MonackFr.Mvc\MonackFr.Mvc\Areas\UserManagement.Tests\bin\Debug\UserManagement.Tests.dll.</Text>
      </RunInfo>
      <RunInfo computerName="WILLEM-PC" outcome="Warning" timestamp="2012-08-21T22:30:33.1167243+02:00">
        <Text>Warning: conflict during test run deployment: deployment item 'D:\code\MonackFr\MonackFr\packages\Microsoft.AspNet.WebApi.Client.4.0.20505.0\lib\net40\System.Net.Http.Formatting.dll' directly or indirectly referenced by D:\code\MonackFr\MonackFr\MonackFr.Mvc\MonackFr.Mvc\Areas\TaskList.Tests\bin\Debug\TaskList.Tests.dll cannot be deployed to 'System.Net.Http.Formatting.dll' because otherwise the file 'D:\code\MonackFr\MonackFr\packages\Microsoft.AspNet.WebApi.Client.4.0.20505.0\lib\net40\System.Net.Http.Formatting.dll' would overwrite deployment item 'C:\Program Files (x86)\Microsoft ASP.NET\ASP.NET MVC 4\Assemblies\System.Net.Http.Formatting.dll' directly or indirectly referenced by D:\code\MonackFr\MonackFr\MonackFr.Mvc\MonackFr.Mvc\Areas\UserManagement.Tests\bin\Debug\UserManagement.Tests.dll.</Text>
      </RunInfo>
      <RunInfo computerName="WILLEM-PC" outcome="Warning" timestamp="2012-08-21T22:30:33.1167243+02:00">
        <Text>Warning: conflict during test run deployment: deployment item 'C:\Program Files (x86)\Microsoft ASP.NET\ASP.NET MVC 4\Assemblies\System.Net.Http.WebRequest.dll' directly or indirectly referenced by D:\code\MonackFr\MonackFr\MonackFr.Mvc\MonackFr.Mvc\Areas\UserManagement.Tests\bin\Debug\UserManagement.Tests.dll cannot be deployed to 'System.Net.Http.WebRequest.dll' because otherwise the file 'C:\Program Files (x86)\Microsoft ASP.NET\ASP.NET MVC 4\Assemblies\System.Net.Http.WebRequest.dll' would overwrite deployment item 'D:\code\MonackFr\MonackFr\packages\Microsoft.Net.Http.2.0.20505.0\lib\net40\System.Net.Http.WebRequest.dll' directly or indirectly referenced by D:\code\MonackFr\MonackFr\MonackFr.Mvc\MonackFr.Mvc\Areas\TaskList.Tests\bin\Debug\TaskList.Tests.dll.</Text>
      </RunInfo>
      <RunInfo computerName="WILLEM-PC" outcome="Warning" timestamp="2012-08-21T22:30:33.1167243+02:00">
        <Text>Warning: conflict during test run deployment: deployment item 'D:\code\MonackFr\MonackFr\packages\Microsoft.Net.Http.2.0.20505.0\lib\net40\System.Net.Http.dll' directly or indirectly referenced by D:\code\MonackFr\MonackFr\MonackFr.Mvc\MonackFr.Mvc\Areas\TaskList.Tests\bin\Debug\TaskList.Tests.dll cannot be deployed to 'System.Net.Http.dll' because otherwise the file 'D:\code\MonackFr\MonackFr\packages\Microsoft.Net.Http.2.0.20505.0\lib\net40\System.Net.Http.dll' would overwrite deployment item 'C:\Program Files (x86)\Microsoft ASP.NET\ASP.NET MVC 4\Assemblies\System.Net.Http.dll' directly or indirectly referenced by D:\code\MonackFr\MonackFr\MonackFr.Mvc\MonackFr.Mvc\Areas\UserManagement.Tests\bin\Debug\UserManagement.Tests.dll.</Text>
      </RunInfo>
      <RunInfo computerName="WILLEM-PC" outcome="Warning" timestamp="2012-08-21T22:30:33.1317243+02:00">
        <Text>Warning: conflict during test run deployment: deployment item 'd:\code\monackfr\monackfr\monackfr.mvc\monackfr.mvc\areas\usermanagement.tests\bin\debug\System.Web.Http.dll' directly or indirectly referenced by the test container 'd:\code\monackfr\monackfr\monackfr.mvc\monackfr.mvc\areas\usermanagement.tests\bin\debug\usermanagement.tests.dll' cannot be deployed to 'System.Web.Http.dll' because otherwise the file 'd:\code\monackfr\monackfr\monackfr.mvc\monackfr.mvc\areas\usermanagement.tests\bin\debug\System.Web.Http.dll' would overwrite deployment item 'D:\code\MonackFr\MonackFr\packages\Microsoft.AspNet.WebApi.Core.4.0.20505.0\lib\net40\System.Web.Http.dll' directly or indirectly referenced by D:\code\MonackFr\MonackFr\MonackFr.Mvc\MonackFr.Mvc\Areas\TaskList.Tests\bin\Debug\TaskList.Tests.dll.</Text>
      </RunInfo>
      <RunInfo computerName="WILLEM-PC" outcome="Warning" timestamp="2012-08-21T22:30:33.1317243+02:00">
        <Text>Warning: conflict during test run deployment: deployment item 'd:\code\monackfr\monackfr\monackfr.mvc\monackfr.mvc\areas\tasklist.tests\bin\debug\System.Net.Http.Formatting.dll' directly or indirectly referenced by the test container 'd:\code\monackfr\monackfr\monackfr.mvc\monackfr.mvc\areas\tasklist.tests\bin\debug\tasklist.tests.dll' cannot be deployed to 'System.Net.Http.Formatting.dll' because otherwise the file 'd:\code\monackfr\monackfr\monackfr.mvc\monackfr.mvc\areas\tasklist.tests\bin\debug\System.Net.Http.Formatting.dll' would overwrite deployment item 'C:\Program Files (x86)\Microsoft ASP.NET\ASP.NET MVC 4\Assemblies\System.Net.Http.Formatting.dll' directly or indirectly referenced by D:\code\MonackFr\MonackFr\MonackFr.Mvc\MonackFr.Mvc\Areas\UserManagement.Tests\bin\Debug\UserManagement.Tests.dll.</Text>
      </RunInfo>
      <RunInfo computerName="WILLEM-PC" outcome="Warning" timestamp="2012-08-21T22:30:33.1317243+02:00">
        <Text>Warning: conflict during test run deployment: deployment item 'd:\code\monackfr\monackfr\monackfr.mvc\monackfr.mvc\areas\tasklist.tests\bin\debug\System.Net.Http.dll' directly or indirectly referenced by the test container 'd:\code\monackfr\monackfr\monackfr.mvc\monackfr.mvc\areas\tasklist.tests\bin\debug\tasklist.tests.dll' cannot be deployed to 'System.Net.Http.dll' because otherwise the file 'd:\code\monackfr\monackfr\monackfr.mvc\monackfr.mvc\areas\tasklist.tests\bin\debug\System.Net.Http.dll' would overwrite deployment item 'C:\Program Files (x86)\Microsoft ASP.NET\ASP.NET MVC 4\Assemblies\System.Net.Http.dll' directly or indirectly referenced by D:\code\MonackFr\MonackFr\MonackFr.Mvc\MonackFr.Mvc\Areas\UserManagement.Tests\bin\Debug\UserManagement.Tests.dll.</Text>
      </RunInfo>
      <RunInfo computerName="WILLEM-PC" outcome="Warning" timestamp="2012-08-21T22:30:33.1317243+02:00">
        <Text>Warning: conflict during test run deployment: deployment item 'd:\code\monackfr\monackfr\monackfr.mvc\monackfr.mvc\areas\tasklist.tests\bin\debug\System.Web.Http.WebHost.dll' directly or indirectly referenced by the test container 'd:\code\monackfr\monackfr\monackfr.mvc\monackfr.mvc\areas\tasklist.tests\bin\debug\tasklist.tests.dll' cannot be deployed to 'System.Web.Http.WebHost.dll' because otherwise the file 'd:\code\monackfr\monackfr\monackfr.mvc\monackfr.mvc\areas\tasklist.tests\bin\debug\System.Web.Http.WebHost.dll' would overwrite deployment item 'C:\Program Files (x86)\Microsoft ASP.NET\ASP.NET MVC 4\Assemblies\System.Web.Http.WebHost.dll' directly or indirectly referenced by D:\code\MonackFr\MonackFr\MonackFr.Mvc\MonackFr.Mvc\Areas\UserManagement.Tests\bin\Debug\UserManagement.Tests.dll.</Text>
      </RunInfo>
    </RunInfos>
  </ResultSummary>
  <TestDefinitions>
    <UnitTest name="DeleteTest" storage="d:\code\monackfr\monackfr\monackfr.mvc\monackfr.mvc\areas\usermanagement.tests\bin\debug\usermanagement.tests.dll" id="4bb346d0-fecd-45be-06d6-bfa882cdd341">
      <Execution id="d76f116d-a600-4e73-8568-cb989697938f" />
      <TestMethod codeBase="D:/code/MonackFr/MonackFr/MonackFr.Mvc/MonackFr.Mvc/Areas/UserManagement.Tests/bin/Debug/UserManagement.Tests.DLL" adapterTypeName="Microsoft.VisualStudio.TestTools.TestTypes.Unit.UnitTestAdapter, Microsoft.VisualStudio.QualityTools.Tips.UnitTest.Adapter, Version=10.0.0.0, Culture=neutral, PublicKeyToken=b03f5f7f11d50a3a" className="MonackFr.Mvc.Areas.UserManagement.Tests.UserControllerTest, UserManagement.Tests, Version=1.0.0.0, Culture=neutral, PublicKeyToken=null" name="DeleteTest" />
    </UnitTest>
    <UnitTest name="DetailsTest" storage="d:\code\monackfr\monackfr\monackfr.mvc\monackfr.mvc\areas\usermanagement.tests\bin\debug\usermanagement.tests.dll" id="fa99c4be-8c51-acef-7159-316bcb10e211">
      <Execution id="c87187bf-bedc-44cf-b9a7-c83820cc9dae" />
      <TestMethod codeBase="D:/code/MonackFr/MonackFr/MonackFr.Mvc/MonackFr.Mvc/Areas/UserManagement.Tests/bin/Debug/UserManagement.Tests.DLL" adapterTypeName="Microsoft.VisualStudio.TestTools.TestTypes.Unit.UnitTestAdapter, Microsoft.VisualStudio.QualityTools.Tips.UnitTest.Adapter, Version=10.0.0.0, Culture=neutral, PublicKeyToken=b03f5f7f11d50a3a" className="MonackFr.Mvc.Areas.UserManagement.Tests.UserControllerTest, UserManagement.Tests, Version=1.0.0.0, Culture=neutral, PublicKeyToken=null" name="DetailsTest" />
    </UnitTest>
    <UnitTest name="EditTest" storage="d:\code\monackfr\monackfr\monackfr.mvc\monackfr.mvc\areas\usermanagement.tests\bin\debug\usermanagement.tests.dll" id="ea00d908-566b-2ad6-a5c3-6d84421bf1cf">
      <Execution id="85e04a2e-3f85-428e-aca4-32c1a4916e7c" />
      <TestMethod codeBase="D:/code/MonackFr/MonackFr/MonackFr.Mvc/MonackFr.Mvc/Areas/UserManagement.Tests/bin/Debug/UserManagement.Tests.DLL" adapterTypeName="Microsoft.VisualStudio.TestTools.TestTypes.Unit.UnitTestAdapter, Microsoft.VisualStudio.QualityTools.Tips.UnitTest.Adapter, Version=10.0.0.0, Culture=neutral, PublicKeyToken=b03f5f7f11d50a3a" className="MonackFr.Mvc.Areas.UserManagement.Tests.UserControllerTest, UserManagement.Tests, Version=1.0.0.0, Culture=neutral, PublicKeyToken=null" name="EditTest" />
    </UnitTest>
    <UnitTest name="ViewEditTest" storage="d:\code\monackfr\monackfr\monackfr.mvc\monackfr.mvc\areas\usermanagement.tests\bin\debug\usermanagement.tests.dll" id="98e6d09e-5d45-31b4-f4ad-a051185f934e">
      <Execution id="00967c65-cad9-4a2b-a1ca-9c05edf4f5f6" />
      <TestMethod codeBase="D:/code/MonackFr/MonackFr/MonackFr.Mvc/MonackFr.Mvc/Areas/UserManagement.Tests/bin/Debug/UserManagement.Tests.DLL" adapterTypeName="Microsoft.VisualStudio.TestTools.TestTypes.Unit.UnitTestAdapter, Microsoft.VisualStudio.QualityTools.Tips.UnitTest.Adapter, Version=10.0.0.0, Culture=neutral, PublicKeyToken=b03f5f7f11d50a3a" className="MonackFr.Mvc.Areas.UserManagement.Tests.UserControllerTest, UserManagement.Tests, Version=1.0.0.0, Culture=neutral, PublicKeyToken=null" name="ViewEditTest" />
    </UnitTest>
    <UnitTest name="CreateTest" storage="d:\code\monackfr\monackfr\monackfr.mvc\monackfr.mvc\areas\usermanagement.tests\bin\debug\usermanagement.tests.dll" id="0ffe3f3f-460b-b06b-3a2a-c384149f3ccf">
      <Execution id="ccee3af1-6716-4418-9351-421115f820fb" />
      <TestMethod codeBase="D:/code/MonackFr/MonackFr/MonackFr.Mvc/MonackFr.Mvc/Areas/UserManagement.Tests/bin/Debug/UserManagement.Tests.DLL" adapterTypeName="Microsoft.VisualStudio.TestTools.TestTypes.Unit.UnitTestAdapter, Microsoft.VisualStudio.QualityTools.Tips.UnitTest.Adapter, Version=10.0.0.0, Culture=neutral, PublicKeyToken=b03f5f7f11d50a3a" className="MonackFr.Mvc.Areas.UserManagement.Tests.UserControllerTest, UserManagement.Tests, Version=1.0.0.0, Culture=neutral, PublicKeyToken=null" name="CreateTest" />
    </UnitTest>
    <UnitTest name="LoginTest" storage="d:\code\monackfr\monackfr\monackfr.mvc\monackfr.mvc\areas\usermanagement.tests\bin\debug\usermanagement.tests.dll" id="28718a37-9df0-dd77-b04b-db02af780181">
      <Execution id="8a3b3df6-f3e9-4982-b521-83d87cccaad0" />
      <TestMethod codeBase="D:/code/MonackFr/MonackFr/MonackFr.Mvc/MonackFr.Mvc/Areas/UserManagement.Tests/bin/Debug/UserManagement.Tests.DLL" adapterTypeName="Microsoft.VisualStudio.TestTools.TestTypes.Unit.UnitTestAdapter, Microsoft.VisualStudio.QualityTools.Tips.UnitTest.Adapter, Version=10.0.0.0, Culture=neutral, PublicKeyToken=b03f5f7f11d50a3a" className="MonackFr.Mvc.Areas.UserManagement.Tests.UserControllerTest, UserManagement.Tests, Version=1.0.0.0, Culture=neutral, PublicKeyToken=null" name="LoginTest" />
    </UnitTest>
    <UnitTest name="Index_RedersView" storage="d:\code\monackfr\monackfr\monackfr.mvc\monackfr.mvc\areas\tasklist.tests\bin\debug\tasklist.tests.dll" id="bdb83531-a45d-904a-deba-61116d9f90f1">
      <Execution id="311cc4d5-8501-493b-949e-533a7e61c402" />
      <TestMethod codeBase="D:/code/MonackFr/MonackFr/MonackFr.Mvc/MonackFr.Mvc/Areas/TaskList.Tests/bin/Debug/TaskList.Tests.DLL" adapterTypeName="Microsoft.VisualStudio.TestTools.TestTypes.Unit.UnitTestAdapter, Microsoft.VisualStudio.QualityTools.Tips.UnitTest.Adapter, Version=10.0.0.0, Culture=neutral, PublicKeyToken=b03f5f7f11d50a3a" className="MonackFr.Mvc.Areas.TaskList.Tests.TaskControllerTest, TaskList.Tests, Version=1.0.0.0, Culture=neutral, PublicKeyToken=null" name="Index_RedersView" />
    </UnitTest>
    <UnitTest name="ViewCreateTest" storage="d:\code\monackfr\monackfr\monackfr.mvc\monackfr.mvc\areas\usermanagement.tests\bin\debug\usermanagement.tests.dll" id="75bb7c3f-3909-c856-0e2b-78fc66ea1b7d">
      <Execution id="7bc3f490-1f23-4acb-9082-c9d336b41729" />
      <TestMethod codeBase="D:/code/MonackFr/MonackFr/MonackFr.Mvc/MonackFr.Mvc/Areas/UserManagement.Tests/bin/Debug/UserManagement.Tests.DLL" adapterTypeName="Microsoft.VisualStudio.TestTools.TestTypes.Unit.UnitTestAdapter, Microsoft.VisualStudio.QualityTools.Tips.UnitTest.Adapter, Version=10.0.0.0, Culture=neutral, PublicKeyToken=b03f5f7f11d50a3a" className="MonackFr.Mvc.Areas.UserManagement.Tests.UserControllerTest, UserManagement.Tests, Version=1.0.0.0, Culture=neutral, PublicKeyToken=null" name="ViewCreateTest" />
    </UnitTest>
    <UnitTest name="IndexTest" storage="d:\code\monackfr\monackfr\monackfr.mvc\monackfr.mvc\areas\usermanagement.tests\bin\debug\usermanagement.tests.dll" id="e746f793-e3b4-3d22-7668-20409ab89219">
      <Execution id="9ae3fa95-d50a-4685-beba-a6f968658120" />
      <TestMethod codeBase="D:/code/MonackFr/MonackFr/MonackFr.Mvc/MonackFr.Mvc/Areas/UserManagement.Tests/bin/Debug/UserManagement.Tests.DLL" adapterTypeName="Microsoft.VisualStudio.TestTools.TestTypes.Unit.UnitTestAdapter, Microsoft.VisualStudio.QualityTools.Tips.UnitTest.Adapter, Version=10.0.0.0, Culture=neutral, PublicKeyToken=b03f5f7f11d50a3a" className="MonackFr.Mvc.Areas.UserManagement.Tests.UserControllerTest, UserManagement.Tests, Version=1.0.0.0, Culture=neutral, PublicKeyToken=null" name="IndexTest" />
    </UnitTest>
  </TestDefinitions>
  <TestLists>
    <TestList name="Results Not in a List" id="8c84fa94-04c1-424b-9868-57a2d4851a1d" />
    <TestList name="All Loaded Results" id="19431567-8539-422a-85d7-44ee4e166bda" />
  </TestLists>
  <TestEntries>
    <TestEntry testId="0ffe3f3f-460b-b06b-3a2a-c384149f3ccf" executionId="ccee3af1-6716-4418-9351-421115f820fb" testListId="8c84fa94-04c1-424b-9868-57a2d4851a1d" />
    <TestEntry testId="28718a37-9df0-dd77-b04b-db02af780181" executionId="8a3b3df6-f3e9-4982-b521-83d87cccaad0" testListId="8c84fa94-04c1-424b-9868-57a2d4851a1d" />
    <TestEntry testId="4bb346d0-fecd-45be-06d6-bfa882cdd341" executionId="d76f116d-a600-4e73-8568-cb989697938f" testListId="8c84fa94-04c1-424b-9868-57a2d4851a1d" />
    <TestEntry testId="75bb7c3f-3909-c856-0e2b-78fc66ea1b7d" executionId="7bc3f490-1f23-4acb-9082-c9d336b41729" testListId="8c84fa94-04c1-424b-9868-57a2d4851a1d" />
    <TestEntry testId="98e6d09e-5d45-31b4-f4ad-a051185f934e" executionId="00967c65-cad9-4a2b-a1ca-9c05edf4f5f6" testListId="8c84fa94-04c1-424b-9868-57a2d4851a1d" />
    <TestEntry testId="bdb83531-a45d-904a-deba-61116d9f90f1" executionId="311cc4d5-8501-493b-949e-533a7e61c402" testListId="8c84fa94-04c1-424b-9868-57a2d4851a1d" />
    <TestEntry testId="e746f793-e3b4-3d22-7668-20409ab89219" executionId="9ae3fa95-d50a-4685-beba-a6f968658120" testListId="8c84fa94-04c1-424b-9868-57a2d4851a1d" />
    <TestEntry testId="ea00d908-566b-2ad6-a5c3-6d84421bf1cf" executionId="85e04a2e-3f85-428e-aca4-32c1a4916e7c" testListId="8c84fa94-04c1-424b-9868-57a2d4851a1d" />
    <TestEntry testId="fa99c4be-8c51-acef-7159-316bcb10e211" executionId="c87187bf-bedc-44cf-b9a7-c83820cc9dae" testListId="8c84fa94-04c1-424b-9868-57a2d4851a1d" />
  </TestEntries>
  <Results>
    <UnitTestResult executionId="ccee3af1-6716-4418-9351-421115f820fb" testId="0ffe3f3f-460b-b06b-3a2a-c384149f3ccf" testName="CreateTest" computerName="WILLEM-PC" duration="00:00:00.1079476" startTime="2012-08-21T22:30:33.2217244+02:00" endTime="2012-08-21T22:30:33.5517249+02:00" testType="13cdc9d9-ddb5-4fa4-a97d-d965ccfc6d4b" outcome="Passed" testListId="8c84fa94-04c1-424b-9868-57a2d4851a1d" relativeResultsDirectory="ccee3af1-6716-4418-9351-421115f820fb">
    </UnitTestResult>
    <UnitTestResult executionId="8a3b3df6-f3e9-4982-b521-83d87cccaad0" testId="28718a37-9df0-dd77-b04b-db02af780181" testName="LoginTest" computerName="WILLEM-PC" duration="00:00:00.2443843" startTime="2012-08-21T22:30:33.5517249+02:00" endTime="2012-08-21T22:30:33.8017252+02:00" testType="13cdc9d9-ddb5-4fa4-a97d-d965ccfc6d4b" outcome="Passed" testListId="8c84fa94-04c1-424b-9868-57a2d4851a1d" relativeResultsDirectory="8a3b3df6-f3e9-4982-b521-83d87cccaad0">
    </UnitTestResult>
    <UnitTestResult executionId="d76f116d-a600-4e73-8568-cb989697938f" testId="4bb346d0-fecd-45be-06d6-bfa882cdd341" testName="DeleteTest" computerName="WILLEM-PC" duration="00:00:00.0041231" startTime="2012-08-21T22:30:33.8017252+02:00" endTime="2012-08-21T22:30:33.8067253+02:00" testType="13cdc9d9-ddb5-4fa4-a97d-d965ccfc6d4b" outcome="Passed" testListId="8c84fa94-04c1-424b-9868-57a2d4851a1d" relativeResultsDirectory="d76f116d-a600-4e73-8568-cb989697938f">
    </UnitTestResult>
    <UnitTestResult executionId="7bc3f490-1f23-4acb-9082-c9d336b41729" testId="75bb7c3f-3909-c856-0e2b-78fc66ea1b7d" testName="ViewCreateTest" computerName="WILLEM-PC" duration="00:00:00.0002760" startTime="2012-08-21T22:30:33.8117253+02:00" endTime="2012-08-21T22:30:33.8117253+02:00" testType="13cdc9d9-ddb5-4fa4-a97d-d965ccfc6d4b" outcome="Passed" testListId="8c84fa94-04c1-424b-9868-57a2d4851a1d" relativeResultsDirectory="7bc3f490-1f23-4acb-9082-c9d336b41729">
    </UnitTestResult>
    <UnitTestResult executionId="00967c65-cad9-4a2b-a1ca-9c05edf4f5f6" testId="98e6d09e-5d45-31b4-f4ad-a051185f934e" testName="ViewEditTest" computerName="WILLEM-PC" duration="00:00:00.0028289" startTime="2012-08-21T22:30:33.8167253+02:00" endTime="2012-08-21T22:30:33.8217253+02:00" testType="13cdc9d9-ddb5-4fa4-a97d-d965ccfc6d4b" outcome="Passed" testListId="8c84fa94-04c1-424b-9868-57a2d4851a1d" relativeResultsDirectory="00967c65-cad9-4a2b-a1ca-9c05edf4f5f6">
    </UnitTestResult>
    <UnitTestResult executionId="311cc4d5-8501-493b-949e-533a7e61c402" testId="bdb83531-a45d-904a-deba-61116d9f90f1" testName="Index_RedersView" computerName="WILLEM-PC" duration="00:00:00.0206491" startTime="2012-08-21T22:30:33.8217253+02:00" endTime="2012-08-21T22:30:33.9917255+02:00" testType="13cdc9d9-ddb5-4fa4-a97d-d965ccfc6d4b" outcome="Passed" testListId="8c84fa94-04c1-424b-9868-57a2d4851a1d" relativeResultsDirectory="311cc4d5-8501-493b-949e-533a7e61c402">
    </UnitTestResult>
    <UnitTestResult executionId="9ae3fa95-d50a-4685-beba-a6f968658120" testId="e746f793-e3b4-3d22-7668-20409ab89219" testName="IndexTest" computerName="WILLEM-PC" duration="00:00:00.0003422" startTime="2012-08-21T22:30:33.9917255+02:00" endTime="2012-08-21T22:30:33.9967255+02:00" testType="13cdc9d9-ddb5-4fa4-a97d-d965ccfc6d4b" outcome="Passed" testListId="8c84fa94-04c1-424b-9868-57a2d4851a1d" relativeResultsDirectory="9ae3fa95-d50a-4685-beba-a6f968658120">
    </UnitTestResult>
    <UnitTestResult executionId="85e04a2e-3f85-428e-aca4-32c1a4916e7c" testId="ea00d908-566b-2ad6-a5c3-6d84421bf1cf" testName="EditTest" computerName="WILLEM-PC" duration="00:00:00.0026170" startTime="2012-08-21T22:30:33.9967255+02:00" endTime="2012-08-21T22:30:34.0017255+02:00" testType="13cdc9d9-ddb5-4fa4-a97d-d965ccfc6d4b" outcome="Passed" testListId="8c84fa94-04c1-424b-9868-57a2d4851a1d" relativeResultsDirectory="85e04a2e-3f85-428e-aca4-32c1a4916e7c">
    </UnitTestResult>
    <UnitTestResult executionId="c87187bf-bedc-44cf-b9a7-c83820cc9dae" testId="fa99c4be-8c51-acef-7159-316bcb10e211" testName="DetailsTest" computerName="WILLEM-PC" duration="00:00:00.0019104" startTime="2012-08-21T22:30:34.0017255+02:00" endTime="2012-08-21T22:30:34.0067255+02:00" testType="13cdc9d9-ddb5-4fa4-a97d-d965ccfc6d4b" outcome="Passed" testListId="8c84fa94-04c1-424b-9868-57a2d4851a1d" relativeResultsDirectory="c87187bf-bedc-44cf-b9a7-c83820cc9dae">
    </UnitTestResult>
  </Results>
</TestRun>